Archive member included to satisfy reference by file (symbol)

/opt/st/stm32cubeide_1.16.0/plugins/com.st.stm32cube.ide.mcu.externaltools.gnu-tools-for-stm32.12.3.rel1.linux64_1.0.200.202406132123/tools/bin/../lib/gcc/arm-none-eabi/12.3.1/../../../../arm-none-eabi/lib/thumb/v6-m/nofp/libc_nano.a(libc_a-exit.o)
                              /opt/st/stm32cubeide_1.16.0/plugins/com.st.stm32cube.ide.mcu.externaltools.gnu-tools-for-stm32.12.3.rel1.linux64_1.0.200.202406132123/tools/bin/../lib/gcc/arm-none-eabi/12.3.1/../../../../arm-none-eabi/lib/thumb/v6-m/nofp/crt0.o (exit)
/opt/st/stm32cubeide_1.16.0/plugins/com.st.stm32cube.ide.mcu.externaltools.gnu-tools-for-stm32.12.3.rel1.linux64_1.0.200.202406132123/tools/bin/../lib/gcc/arm-none-eabi/12.3.1/../../../../arm-none-eabi/lib/thumb/v6-m/nofp/libc_nano.a(libc_a-findfp.o)
                              /opt/st/stm32cubeide_1.16.0/plugins/com.st.stm32cube.ide.mcu.externaltools.gnu-tools-for-stm32.12.3.rel1.linux64_1.0.200.202406132123/tools/bin/../lib/gcc/arm-none-eabi/12.3.1/../../../../arm-none-eabi/lib/thumb/v6-m/nofp/libc_nano.a(libc_a-exit.o) (__stdio_exit_handler)
/opt/st/stm32cubeide_1.16.0/plugins/com.st.stm32cube.ide.mcu.externaltools.gnu-tools-for-stm32.12.3.rel1.linux64_1.0.200.202406132123/tools/bin/../lib/gcc/arm-none-eabi/12.3.1/../../../../arm-none-eabi/lib/thumb/v6-m/nofp/libc_nano.a(libc_a-fwalk.o)
                              /opt/st/stm32cubeide_1.16.0/plugins/com.st.stm32cube.ide.mcu.externaltools.gnu-tools-for-stm32.12.3.rel1.linux64_1.0.200.202406132123/tools/bin/../lib/gcc/arm-none-eabi/12.3.1/../../../../arm-none-eabi/lib/thumb/v6-m/nofp/libc_nano.a(libc_a-findfp.o) (_fwalk_sglue)
/opt/st/stm32cubeide_1.16.0/plugins/com.st.stm32cube.ide.mcu.externaltools.gnu-tools-for-stm32.12.3.rel1.linux64_1.0.200.202406132123/tools/bin/../lib/gcc/arm-none-eabi/12.3.1/../../../../arm-none-eabi/lib/thumb/v6-m/nofp/libc_nano.a(libc_a-stdio.o)
                              /opt/st/stm32cubeide_1.16.0/plugins/com.st.stm32cube.ide.mcu.externaltools.gnu-tools-for-stm32.12.3.rel1.linux64_1.0.200.202406132123/tools/bin/../lib/gcc/arm-none-eabi/12.3.1/../../../../arm-none-eabi/lib/thumb/v6-m/nofp/libc_nano.a(libc_a-findfp.o) (__sread)
/opt/st/stm32cubeide_1.16.0/plugins/com.st.stm32cube.ide.mcu.externaltools.gnu-tools-for-stm32.12.3.rel1.linux64_1.0.200.202406132123/tools/bin/../lib/gcc/arm-none-eabi/12.3.1/../../../../arm-none-eabi/lib/thumb/v6-m/nofp/libc_nano.a(libc_a-memset.o)
                              /opt/st/stm32cubeide_1.16.0/plugins/com.st.stm32cube.ide.mcu.externaltools.gnu-tools-for-stm32.12.3.rel1.linux64_1.0.200.202406132123/tools/bin/../lib/gcc/arm-none-eabi/12.3.1/../../../../arm-none-eabi/lib/thumb/v6-m/nofp/crt0.o (memset)
/opt/st/stm32cubeide_1.16.0/plugins/com.st.stm32cube.ide.mcu.externaltools.gnu-tools-for-stm32.12.3.rel1.linux64_1.0.200.202406132123/tools/bin/../lib/gcc/arm-none-eabi/12.3.1/../../../../arm-none-eabi/lib/thumb/v6-m/nofp/libc_nano.a(libc_a-closer.o)
                              /opt/st/stm32cubeide_1.16.0/plugins/com.st.stm32cube.ide.mcu.externaltools.gnu-tools-for-stm32.12.3.rel1.linux64_1.0.200.202406132123/tools/bin/../lib/gcc/arm-none-eabi/12.3.1/../../../../arm-none-eabi/lib/thumb/v6-m/nofp/libc_nano.a(libc_a-stdio.o) (_close_r)
/opt/st/stm32cubeide_1.16.0/plugins/com.st.stm32cube.ide.mcu.externaltools.gnu-tools-for-stm32.12.3.rel1.linux64_1.0.200.202406132123/tools/bin/../lib/gcc/arm-none-eabi/12.3.1/../../../../arm-none-eabi/lib/thumb/v6-m/nofp/libc_nano.a(libc_a-reent.o)
                              /opt/st/stm32cubeide_1.16.0/plugins/com.st.stm32cube.ide.mcu.externaltools.gnu-tools-for-stm32.12.3.rel1.linux64_1.0.200.202406132123/tools/bin/../lib/gcc/arm-none-eabi/12.3.1/../../../../arm-none-eabi/lib/thumb/v6-m/nofp/libc_nano.a(libc_a-closer.o) (errno)
/opt/st/stm32cubeide_1.16.0/plugins/com.st.stm32cube.ide.mcu.externaltools.gnu-tools-for-stm32.12.3.rel1.linux64_1.0.200.202406132123/tools/bin/../lib/gcc/arm-none-eabi/12.3.1/../../../../arm-none-eabi/lib/thumb/v6-m/nofp/libc_nano.a(libc_a-impure.o)
                              /opt/st/stm32cubeide_1.16.0/plugins/com.st.stm32cube.ide.mcu.externaltools.gnu-tools-for-stm32.12.3.rel1.linux64_1.0.200.202406132123/tools/bin/../lib/gcc/arm-none-eabi/12.3.1/../../../../arm-none-eabi/lib/thumb/v6-m/nofp/libc_nano.a(libc_a-reent.o) (_impure_ptr)
/opt/st/stm32cubeide_1.16.0/plugins/com.st.stm32cube.ide.mcu.externaltools.gnu-tools-for-stm32.12.3.rel1.linux64_1.0.200.202406132123/tools/bin/../lib/gcc/arm-none-eabi/12.3.1/../../../../arm-none-eabi/lib/thumb/v6-m/nofp/libc_nano.a(libc_a-lseekr.o)
                              /opt/st/stm32cubeide_1.16.0/plugins/com.st.stm32cube.ide.mcu.externaltools.gnu-tools-for-stm32.12.3.rel1.linux64_1.0.200.202406132123/tools/bin/../lib/gcc/arm-none-eabi/12.3.1/../../../../arm-none-eabi/lib/thumb/v6-m/nofp/libc_nano.a(libc_a-stdio.o) (_lseek_r)
[...]
Memory Configuration

Name             Origin             Length             Attributes
RAM              0x20000000         0x00002000         xrw
FLASH            0x08000000         0x00010000         xr
*default*        0x00000000         0xffffffff

Linker script and memory map

LOAD /opt/st/stm32cubeide_1.16.0/plugins/com.st.stm32cube.ide.mcu.externaltools.gnu-tools-for-stm32.12.3.rel1.linux64_1.0.200.202406132123/tools/bin/../lib/gcc/arm-none-eabi/12.3.1/thumb/v6-m/nofp/crti.o
LOAD /opt/st/stm32cubeide_1.16.0/plugins/com.st.stm32cube.ide.mcu.externaltools.gnu-tools-for-stm32.12.3.rel1.linux64_1.0.200.202406132123/tools/bin/../lib/gcc/arm-none-eabi/12.3.1/thumb/v6-m/nofp/crtbegin.o
LOAD /opt/st/stm32cubeide_1.16.0/plugins/com.st.stm32cube.ide.mcu.externaltools.gnu-tools-for-stm32.12.3.rel1.linux64_1.0.200.202406132123/tools/bin/../lib/gcc/arm-none-eabi/12.3.1/../../../../arm-none-eabi/lib/thumb/v6-m/nofp/crt0.o
LOAD ./Core/Src/main.o
LOAD ./Core/Src/stm32g0xx_hal_msp.o
LOAD ./Core/Src/stm32g0xx_it.o
LOAD ./Core/Src/syscalls.o
LOAD ./Core/Src/sysmem.o
LOAD ./Core/Src/system_stm32g0xx.o
LOAD ./Core/Startup/startup_stm32g030k8tx.o
LOAD ./Drivers/STM32G0xx_HAL_Driver/Src/stm32g0xx_hal.o
LOAD ./Drivers/STM32G0xx_HAL_Driver/Src/stm32g0xx_hal_cortex.o
LOAD ./Drivers/STM32G0xx_HAL_Driver/Src/stm32g0xx_hal_dma.o
LOAD ./Drivers/STM32G0xx_HAL_Driver/Src/stm32g0xx_hal_dma_ex.o
LOAD ./Drivers/STM32G0xx_HAL_Driver/Src/stm32g0xx_hal_exti.o
LOAD ./Drivers/STM32G0xx_HAL_Driver/Src/stm32g0xx_hal_flash.o
LOAD ./Drivers/STM32G0xx_HAL_Driver/Src/stm32g0xx_hal_flash_ex.o
LOAD ./Drivers/STM32G0xx_HAL_Driver/Src/stm32g0xx_hal_gpio.o
LOAD ./Drivers/STM32G0xx_HAL_Driver/Src/stm32g0xx_hal_pwr.o
LOAD ./Drivers/STM32G0xx_HAL_Driver/Src/stm32g0xx_hal_pwr_ex.o
LOAD ./Drivers/STM32G0xx_HAL_Driver/Src/stm32g0xx_hal_rcc.o
LOAD ./Drivers/STM32G0xx_HAL_Driver/Src/stm32g0xx_hal_rcc_ex.o
LOAD ./Drivers/STM32G0xx_HAL_Driver/Src/stm32g0xx_hal_tim.o
LOAD ./Drivers/STM32G0xx_HAL_Driver/Src/stm32g0xx_hal_tim_ex.o
LOAD ./Drivers/STM32G0xx_HAL_Driver/Src/stm32g0xx_ll_dma.o
LOAD ./Drivers/STM32G0xx_HAL_Driver/Src/stm32g0xx_ll_exti.o
LOAD ./Drivers/STM32G0xx_HAL_Driver/Src/stm32g0xx_ll_gpio.o
LOAD ./Drivers/STM32G0xx_HAL_Driver/Src/stm32g0xx_ll_rcc.o
LOAD ./Drivers/STM32G0xx_HAL_Driver/Src/stm32g0xx_ll_tim.o
LOAD ./Drivers/STM32G0xx_HAL_Driver/Src/stm32g0xx_ll_usart.o
LOAD ./Drivers/STM32G0xx_HAL_Driver/Src/stm32g0xx_ll_utils.o
START GROUP
LOAD /opt/st/stm32cubeide_1.16.0/plugins/com.st.stm32cube.ide.mcu.externaltools.gnu-tools-for-stm32.12.3.rel1.linux64_1.0.200.202406132123/tools/bin/../lib/gcc/arm-none-eabi/12.3.1/../../../../arm-none-eabi/lib/thumb/v6-m/nofp/libc_nano.a
LOAD /opt/st/stm32cubeide_1.16.0/plugins/com.st.stm32cube.ide.mcu.externaltools.gnu-tools-for-stm32.12.3.rel1.linux64_1.0.200.202406132123/tools/bin/../lib/gcc/arm-none-eabi/12.3.1/../../../../arm-none-eabi/lib/thumb/v6-m/nofp/libm.a
END GROUP
START GROUP
LOAD /opt/st/stm32cubeide_1.16.0/plugins/com.st.stm32cube.ide.mcu.externaltools.gnu-tools-for-stm32.12.3.rel1.linux64_1.0.200.202406132123/tools/bin/../lib/gcc/arm-none-eabi/12.3.1/thumb/v6-m/nofp/libgcc.a
LOAD /opt/st/stm32cubeide_1.16.0/plugins/com.st.stm32cube.ide.mcu.externaltools.gnu-tools-for-stm32.12.3.rel1.linux64_1.0.200.202406132123/tools/bin/../lib/gcc/arm-none-eabi/12.3.1/../../../../arm-none-eabi/lib/thumb/v6-m/nofp/libc_nano.a
END GROUP
START GROUP
LOAD /opt/st/stm32cubeide_1.16.0/plugins/com.st.stm32cube.ide.mcu.externaltools.gnu-tools-for-stm32.12.3.rel1.linux64_1.0.200.202406132123/tools/bin/../lib/gcc/arm-none-eabi/12.3.1/thumb/v6-m/nofp/libgcc.a
LOAD /opt/st/stm32cubeide_1.16.0/plugins/com.st.stm32cube.ide.mcu.externaltools.gnu-tools-for-stm32.12.3.rel1.linux64_1.0.200.202406132123/tools/bin/../lib/gcc/arm-none-eabi/12.3.1/../../../../arm-none-eabi/lib/thumb/v6-m/nofp/libc_nano.a
LOAD /opt/st/stm32cubeide_1.16.0/plugins/com.st.stm32cube.ide.mcu.externaltools.gnu-tools-for-stm32.12.3.rel1.linux64_1.0.200.202406132123/tools/bin/../lib/gcc/arm-none-eabi/12.3.1/../../../../arm-none-eabi/lib/thumb/v6-m/nofp/libnosys.a
END GROUP
START GROUP
LOAD /opt/st/stm32cubeide_1.16.0/plugins/com.st.stm32cube.ide.mcu.externaltools.gnu-tools-for-stm32.12.3.rel1.linux64_1.0.200.202406132123/tools/bin/../lib/gcc/arm-none-eabi/12.3.1/thumb/v6-m/nofp/libgcc.a
LOAD /opt/st/stm32cubeide_1.16.0/plugins/com.st.stm32cube.ide.mcu.externaltools.gnu-tools-for-stm32.12.3.rel1.linux64_1.0.200.202406132123/tools/bin/../lib/gcc/arm-none-eabi/12.3.1/../../../../arm-none-eabi/lib/thumb/v6-m/nofp/libc_nano.a
LOAD /opt/st/stm32cubeide_1.16.0/plugins/com.st.stm32cube.ide.mcu.externaltools.gnu-tools-for-stm32.12.3.rel1.linux64_1.0.200.202406132123/tools/bin/../lib/gcc/arm-none-eabi/12.3.1/../../../../arm-none-eabi/lib/thumb/v6-m/nofp/libnosys.a
END GROUP
LOAD /opt/st/stm32cubeide_1.16.0/plugins/com.st.stm32cube.ide.mcu.externaltools.gnu-tools-for-stm32.12.3.rel1.linux64_1.0.200.202406132123/tools/bin/../lib/gcc/arm-none-eabi/12.3.1/thumb/v6-m/nofp/crtend.o
LOAD /opt/st/stm32cubeide_1.16.0/plugins/com.st.stm32cube.ide.mcu.externaltools.gnu-tools-for-stm32.12.3.rel1.linux64_1.0.200.202406132123/tools/bin/../lib/gcc/arm-none-eabi/12.3.1/thumb/v6-m/nofp/crtn.o
                0x20002000                        _estack = (ORIGIN (RAM) + LENGTH (RAM))
                0x00000200                        _Min_Heap_Size = 0x200
                0x00000400                        _Min_Stack_Size = 0x400

.isr_vector     0x08000000       0xb8
                0x08000000                        . = ALIGN (0x4)
 *(.isr_vector)
 .isr_vector    0x08000000       0xb8 ./Core/Startup/startup_stm32g030k8tx.o
                0x08000000                g_pfnVectors
                0x080000b8                        . = ALIGN (0x4)

.text           0x080000b8     0x2cc8
                0x080000b8                        . = ALIGN (0x4)
 *(.text)
 .text          0x080000b8       0x48 /opt/st/stm32cubeide_1.16.0/plugins/com.st.stm32cube.ide.mcu.externaltools.gnu-tools-for-stm32.12.3.rel1.linux64_1.0.200.202406132123/tools/bin/../lib/gcc/arm-none-eabi/12.3.1/thumb/v6-m/nofp/crtbegin.o
 .text          0x08000100      0x114 /opt/st/stm32cubeide_1.16.0/plugins/com.st.stm32cube.ide.mcu.externaltools.gnu-tools-for-stm32.12.3.rel1.linux64_1.0.200.202406132123/tools/bin/../lib/gcc/arm-none-eabi/12.3.1/thumb/v6-m/nofp/libgcc.a(_udivsi3.o)
                0x08000100                __udivsi3
                0x08000100                __aeabi_uidiv
                0x0800020c                __aeabi_uidivmod
 .text          0x08000214        0x4 /opt/st/stm32cubeide_1.16.0/plugins/com.st.stm32cube.ide.mcu.externaltools.gnu-tools-for-stm32.12.3.rel1.linux64_1.0.200.202406132123/tools/bin/../lib/gcc/arm-none-eabi/12.3.1/thumb/v6-m/nofp/libgcc.a(_dvmd_tls.o)
                0x08000214                __aeabi_ldiv0
                0x08000214                __aeabi_idiv0
 *(.text*)
 .text.__NVIC_EnableIRQ
                0x08000218       0x34 ./Core/Src/main.o
 .text.__NVIC_SetPriority
                0x0800024c       0xdc ./Core/Src/main.o
 .text.LL_TIM_EnableCounter
                0x08000328       0x1c ./Core/Src/main.o
 .text.LL_TIM_EnableARRPreload
                0x08000344       0x1c ./Core/Src/main.o
 .text.LL_TIM_EnableIT_UPDATE
                0x08000360       0x1c ./Core/Src/main.o
 .text.LL_USART_Enable
                0x0800037c       0x1c ./Core/Src/main.o
 .text.LL_USART_DisableFIFO
                0x08000398       0x20 ./Core/Src/main.o
 .text.LL_USART_SetTXFIFOThreshold
                0x080003b8       0x46 ./Core/Src/main.o
 *fill*         0x080003fe        0x2 
 .text.LL_USART_SetRXFIFOThreshold
                0x08000400       0x4c ./Core/Src/main.o
 .text.LL_USART_ConfigHalfDuplexMode
                0x0800044c       0x3c ./Core/Src/main.o
 .text.LL_USART_IsActiveFlag_TEACK
                0x08000488       0x28 ./Core/Src/main.o
 .text.LL_USART_IsActiveFlag_REACK
                0x080004b0       0x28 ./Core/Src/main.o
 .text.LL_USART_EnableIT_RXNE_RXFNE
                0x080004d8       0x3e ./Core/Src/main.o
 .text.LL_GPIO_IsInputPinSet
                0x08000516       0x26 ./Core/Src/main.o
 .text.LL_GPIO_SetOutputPin
                0x0800053c       0x18 ./Core/Src/main.o
 .text.LL_GPIO_ResetOutputPin
                0x08000554       0x18 ./Core/Src/main.o
 .text.LL_APB2_GRP1_EnableClock
                0x0800056c       0x2c ./Core/Src/main.o
 .text.LL_IOP_GRP1_EnableClock
                0x08000598       0x2c ./Core/Src/main.o
 .text.ResetOuts
                0x080005c4       0x84 ./Core/Src/main.o
                0x080005c4                ResetOuts
 .text.ResetLeds
                0x08000648       0x8c ./Core/Src/main.o
                0x08000648                ResetLeds
 .text.SetBand  0x080006d4       0xb8 ./Core/Src/main.o
                0x080006d4                SetBand
 .text.SetLed   0x0800078c       0xc0 ./Core/Src/main.o
                0x0800078c                SetLed
 .text.SetMode  0x0800084c       0xa8 ./Core/Src/main.o
                0x0800084c                SetMode
 .text.SetOut   0x080008f4       0xe8 ./Core/Src/main.o
                0x080008f4                SetOut
 .text.main     0x080009dc       0x60 ./Core/Src/main.o
                0x080009dc                main
 .text.SystemClock_Config
                0x08000a3c       0xb6 ./Core/Src/main.o
                0x08000a3c                SystemClock_Config
 *fill*         0x08000af2        0x2 
 .text.MX_TIM14_Init
                0x08000af4       0x6c ./Core/Src/main.o
 .text.MX_USART1_UART_Init
                0x08000b60      0x134 ./Core/Src/main.o
 .text.MX_GPIO_Init
                0x08000c94      0x59c ./Core/Src/main.o
 .text.Error_Handler
                0x08001230        0xc ./Core/Src/main.o
                0x08001230                Error_Handler
 .text.HAL_MspInit
                0x0800123c       0x48 ./Core/Src/stm32g0xx_hal_msp.o
                0x0800123c                HAL_MspInit
 .text.LL_TIM_ClearFlag_UPDATE
                0x08001284       0x18 ./Core/Src/stm32g0xx_it.o
 .text.LL_TIM_IsActiveFlag_UPDATE
                0x0800129c       0x22 ./Core/Src/stm32g0xx_it.o
 .text.LL_USART_IsActiveFlag_RXNE_RXFNE
                0x080012be       0x22 ./Core/Src/stm32g0xx_it.o
 .text.LL_USART_ReceiveData8
                0x080012e0       0x16 ./Core/Src/stm32g0xx_it.o
 .text.LL_GPIO_TogglePin
                0x080012f6       0x2e ./Core/Src/stm32g0xx_it.o
 .text.NMI_Handler
                0x08001324        0x8 ./Core/Src/stm32g0xx_it.o
                0x08001324                NMI_Handler
 .text.HardFault_Handler
                0x0800132c        0x8 ./Core/Src/stm32g0xx_it.o
                0x0800132c                HardFault_Handler
 .text.SVC_Handler
                0x08001334        0xa ./Core/Src/stm32g0xx_it.o
                0x08001334                SVC_Handler
 .text.PendSV_Handler
                0x0800133e        0xa ./Core/Src/stm32g0xx_it.o
                0x0800133e                PendSV_Handler
 .text.SysTick_Handler
                0x08001348        0xe ./Core/Src/stm32g0xx_it.o
                0x08001348                SysTick_Handler
 *fill*         0x08001356        0x2 
 .text.TIM14_IRQHandler
                0x08001358       0x34 ./Core/Src/stm32g0xx_it.o
                0x08001358                TIM14_IRQHandler
 .text.USART1_IRQHandler
                0x0800138c      0x1b8 ./Core/Src/stm32g0xx_it.o
                0x0800138c                USART1_IRQHandler
 .text.SystemInit
                0x08001544        0xa ./Core/Src/system_stm32g0xx.o
                0x08001544                SystemInit
 *fill*         0x0800154e        0x2 
 .text.Reset_Handler
                0x08001550       0x50 ./Core/Startup/startup_stm32g030k8tx.o
                0x08001550                Reset_Handler
 .text.Default_Handler
                0x080015a0        0x2 ./Core/Startup/startup_stm32g030k8tx.o
                0x080015a0                TIM1_CC_IRQHandler
                0x080015a0                I2C1_IRQHandler
                0x080015a0                RTC_TAMP_IRQHandler
                0x080015a0                SPI1_IRQHandler
                0x080015a0                DMA1_Ch4_5_DMAMUX1_OVR_IRQHandler
                0x080015a0                EXTI2_3_IRQHandler
                0x080015a0                ADC1_IRQHandler
                0x080015a0                I2C2_IRQHandler
                0x080015a0                TIM17_IRQHandler
                0x080015a0                TIM16_IRQHandler
                0x080015a0                TIM3_IRQHandler
                0x080015a0                EXTI4_15_IRQHandler
                0x080015a0                RCC_IRQHandler
                0x080015a0                DMA1_Channel1_IRQHandler
                0x080015a0                Default_Handler
                0x080015a0                EXTI0_1_IRQHandler
                0x080015a0                SPI2_IRQHandler
                0x080015a0                WWDG_IRQHandler
                0x080015a0                DMA1_Channel2_3_IRQHandler
                0x080015a0                USART2_IRQHandler
                0x080015a0                FLASH_IRQHandler
                0x080015a0                TIM1_BRK_UP_TRG_COM_IRQHandler
 *fill*         0x080015a2        0x2 
 .text.HAL_Init
                0x080015a4       0x40 ./Drivers/STM32G0xx_HAL_Driver/Src/stm32g0xx_hal.o
                0x080015a4                HAL_Init
 .text.HAL_InitTick
                0x080015e4       0x94 ./Drivers/STM32G0xx_HAL_Driver/Src/stm32g0xx_hal.o
                0x080015e4                HAL_InitTick
 .text.HAL_IncTick
                0x08001678       0x24 ./Drivers/STM32G0xx_HAL_Driver/Src/stm32g0xx_hal.o
                0x08001678                HAL_IncTick
 .text.HAL_GetTick
                0x0800169c       0x14 ./Drivers/STM32G0xx_HAL_Driver/Src/stm32g0xx_hal.o
                0x0800169c                HAL_GetTick
 .text.__NVIC_SetPriority
                0x080016b0       0xdc ./Drivers/STM32G0xx_HAL_Driver/Src/stm32g0xx_hal_cortex.o
 .text.SysTick_Config
                0x0800178c       0x48 ./Drivers/STM32G0xx_HAL_Driver/Src/stm32g0xx_hal_cortex.o
 .text.HAL_NVIC_SetPriority
                0x080017d4       0x2a ./Drivers/STM32G0xx_HAL_Driver/Src/stm32g0xx_hal_cortex.o
                0x080017d4                HAL_NVIC_SetPriority
 .text.HAL_SYSTICK_Config
                0x080017fe       0x1a ./Drivers/STM32G0xx_HAL_Driver/Src/stm32g0xx_hal_cortex.o
                0x080017fe                HAL_SYSTICK_Config
 .text.HAL_PWREx_ControlVoltageScaling
                0x08001818       0x80 ./Drivers/STM32G0xx_HAL_Driver/Src/stm32g0xx_hal_pwr_ex.o
                0x08001818                HAL_PWREx_ControlVoltageScaling
 .text.HAL_RCC_OscConfig
                0x08001898      0x620 ./Drivers/STM32G0xx_HAL_Driver/Src/stm32g0xx_hal_rcc.o
                0x08001898                HAL_RCC_OscConfig
 .text.HAL_RCC_ClockConfig
                0x08001eb8      0x210 ./Drivers/STM32G0xx_HAL_Driver/Src/stm32g0xx_hal_rcc.o
                0x08001eb8                HAL_RCC_ClockConfig
 .text.HAL_RCC_GetSysClockFreq
                0x080020c8      0x104 ./Drivers/STM32G0xx_HAL_Driver/Src/stm32g0xx_hal_rcc.o
                0x080020c8                HAL_RCC_GetSysClockFreq
 .text.HAL_RCCEx_PeriphCLKConfig
                0x080021cc      0x24c ./Drivers/STM32G0xx_HAL_Driver/Src/stm32g0xx_hal_rcc_ex.o
                0x080021cc                HAL_RCCEx_PeriphCLKConfig
 .text.LL_GPIO_SetPinMode
                0x08002418       0x38 ./Drivers/STM32G0xx_HAL_Driver/Src/stm32g0xx_ll_gpio.o
 .text.LL_GPIO_SetPinOutputType
                0x08002450       0x2a ./Drivers/STM32G0xx_HAL_Driver/Src/stm32g0xx_ll_gpio.o
 .text.LL_GPIO_SetPinSpeed
                0x0800247a       0x38 ./Drivers/STM32G0xx_HAL_Driver/Src/stm32g0xx_ll_gpio.o
 .text.LL_GPIO_SetPinPull
                0x080024b2       0x38 ./Drivers/STM32G0xx_HAL_Driver/Src/stm32g0xx_ll_gpio.o
 .text.LL_GPIO_SetAFPin_0_7
                0x080024ea       0x46 ./Drivers/STM32G0xx_HAL_Driver/Src/stm32g0xx_ll_gpio.o
 .text.LL_GPIO_SetAFPin_8_15
                0x08002530       0x5a ./Drivers/STM32G0xx_HAL_Driver/Src/stm32g0xx_ll_gpio.o
 .text.LL_GPIO_Init
                0x0800258a       0xb6 ./Drivers/STM32G0xx_HAL_Driver/Src/stm32g0xx_ll_gpio.o
                0x0800258a                LL_GPIO_Init
 .text.LL_RCC_HSI_IsReady
                0x08002640       0x28 ./Drivers/STM32G0xx_HAL_Driver/Src/stm32g0xx_ll_rcc.o
 .text.LL_RCC_LSE_IsReady
                0x08002668       0x20 ./Drivers/STM32G0xx_HAL_Driver/Src/stm32g0xx_ll_rcc.o
 .text.LL_RCC_GetSysClkSource
                0x08002688       0x18 ./Drivers/STM32G0xx_HAL_Driver/Src/stm32g0xx_ll_rcc.o
 .text.LL_RCC_GetAHBPrescaler
                0x080026a0       0x18 ./Drivers/STM32G0xx_HAL_Driver/Src/stm32g0xx_ll_rcc.o
 .text.LL_RCC_GetAPB1Prescaler
                0x080026b8       0x18 ./Drivers/STM32G0xx_HAL_Driver/Src/stm32g0xx_ll_rcc.o
 .text.LL_RCC_GetUSARTClockSource
                0x080026d0       0x24 ./Drivers/STM32G0xx_HAL_Driver/Src/stm32g0xx_ll_rcc.o
 .text.LL_RCC_PLL_GetN
                0x080026f4       0x18 ./Drivers/STM32G0xx_HAL_Driver/Src/stm32g0xx_ll_rcc.o
 .text.LL_RCC_PLL_GetR
                0x0800270c       0x18 ./Drivers/STM32G0xx_HAL_Driver/Src/stm32g0xx_ll_rcc.o
 .text.LL_RCC_PLL_GetMainSource
                0x08002724       0x18 ./Drivers/STM32G0xx_HAL_Driver/Src/stm32g0xx_ll_rcc.o
 .text.LL_RCC_PLL_GetDivider
                0x0800273c       0x18 ./Drivers/STM32G0xx_HAL_Driver/Src/stm32g0xx_ll_rcc.o
 .text.LL_RCC_GetSystemClocksFreq
                0x08002754       0x3a ./Drivers/STM32G0xx_HAL_Driver/Src/stm32g0xx_ll_rcc.o
                0x08002754                LL_RCC_GetSystemClocksFreq
 *fill*         0x0800278e        0x2 
 .text.LL_RCC_GetUSARTClockFreq
                0x08002790       0x9c ./Drivers/STM32G0xx_HAL_Driver/Src/stm32g0xx_ll_rcc.o
                0x08002790                LL_RCC_GetUSARTClockFreq
 .text.RCC_GetSystemClockFreq
                0x0800282c       0x5c ./Drivers/STM32G0xx_HAL_Driver/Src/stm32g0xx_ll_rcc.o
 .text.RCC_GetHCLKClockFreq
                0x08002888       0x30 ./Drivers/STM32G0xx_HAL_Driver/Src/stm32g0xx_ll_rcc.o
 .text.RCC_GetPCLK1ClockFreq
                0x080028b8       0x2c ./Drivers/STM32G0xx_HAL_Driver/Src/stm32g0xx_ll_rcc.o
 .text.RCC_PLL_GetFreqDomain_SYS
                0x080028e4       0x74 ./Drivers/STM32G0xx_HAL_Driver/Src/stm32g0xx_ll_rcc.o
 .text.LL_TIM_SetPrescaler
                0x08002958       0x18 ./Drivers/STM32G0xx_HAL_Driver/Src/stm32g0xx_ll_tim.o
 .text.LL_TIM_SetAutoReload
                0x08002970       0x18 ./Drivers/STM32G0xx_HAL_Driver/Src/stm32g0xx_ll_tim.o
 .text.LL_TIM_SetRepetitionCounter
                0x08002988       0x18 ./Drivers/STM32G0xx_HAL_Driver/Src/stm32g0xx_ll_tim.o
 .text.LL_TIM_GenerateEvent_UPDATE
                0x080029a0       0x1c ./Drivers/STM32G0xx_HAL_Driver/Src/stm32g0xx_ll_tim.o
 .text.LL_TIM_Init
                0x080029bc       0xdc ./Drivers/STM32G0xx_HAL_Driver/Src/stm32g0xx_ll_tim.o
                0x080029bc                LL_TIM_Init
 .text.LL_USART_IsEnabled
                0x08002a98       0x22 ./Drivers/STM32G0xx_HAL_Driver/Src/stm32g0xx_ll_usart.o
 .text.LL_USART_SetPrescaler
                0x08002aba       0x24 ./Drivers/STM32G0xx_HAL_Driver/Src/stm32g0xx_ll_usart.o
 *fill*         0x08002ade        0x2 
 .text.LL_USART_SetStopBitsLength
                0x08002ae0       0x28 ./Drivers/STM32G0xx_HAL_Driver/Src/stm32g0xx_ll_usart.o
 .text.LL_USART_SetHWFlowCtrl
                0x08002b08       0x28 ./Drivers/STM32G0xx_HAL_Driver/Src/stm32g0xx_ll_usart.o
 .text.LL_USART_SetBaudRate
                0x08002b30       0xb4 ./Drivers/STM32G0xx_HAL_Driver/Src/stm32g0xx_ll_usart.o
 .text.LL_USART_Init
                0x08002be4       0xe4 ./Drivers/STM32G0xx_HAL_Driver/Src/stm32g0xx_ll_usart.o
                0x08002be4                LL_USART_Init
 .text.LL_mDelay
                0x08002cc8       0x48 ./Drivers/STM32G0xx_HAL_Driver/Src/stm32g0xx_ll_utils.o
                0x08002cc8                LL_mDelay
 .text.memset   0x08002d10       0x10 /opt/st/stm32cubeide_1.16.0/plugins/com.st.stm32cube.ide.mcu.externaltools.gnu-tools-for-stm32.12.3.rel1.linux64_1.0.200.202406132123/tools/bin/../lib/gcc/arm-none-eabi/12.3.1/../../../../arm-none-eabi/lib/thumb/v6-m/nofp/libc_nano.a(libc_a-memset.o)
                0x08002d10                memset
 .text.__libc_init_array
                0x08002d20       0x48 /opt/st/stm32cubeide_1.16.0/plugins/com.st.stm32cube.ide.mcu.externaltools.gnu-tools-for-stm32.12.3.rel1.linux64_1.0.200.202406132123/tools/bin/../lib/gcc/arm-none-eabi/12.3.1/../../../../arm-none-eabi/lib/thumb/v6-m/nofp/libc_nano.a(libc_a-init.o)
                0x08002d20                __libc_init_array
 *(.glue_7)
 .glue_7        0x08002d68        0x0 linker stubs
 *(.glue_7t)
 .glue_7t       0x08002d68        0x0 linker stubs
 *(.eh_frame)
 .eh_frame      0x08002d68        0x0 /opt/st/stm32cubeide_1.16.0/plugins/com.st.stm32cube.ide.mcu.externaltools.gnu-tools-for-stm32.12.3.rel1.linux64_1.0.200.202406132123/tools/bin/../lib/gcc/arm-none-eabi/12.3.1/thumb/v6-m/nofp/crtbegin.o
 *(.init)
 .init          0x08002d68        0x4 /opt/st/stm32cubeide_1.16.0/plugins/com.st.stm32cube.ide.mcu.externaltools.gnu-tools-for-stm32.12.3.rel1.linux64_1.0.200.202406132123/tools/bin/../lib/gcc/arm-none-eabi/12.3.1/thumb/v6-m/nofp/crti.o
                0x08002d68                _init
 .init          0x08002d6c        0x8 /opt/st/stm32cubeide_1.16.0/plugins/com.st.stm32cube.ide.mcu.externaltools.gnu-tools-for-stm32.12.3.rel1.linux64_1.0.200.202406132123/tools/bin/../lib/gcc/arm-none-eabi/12.3.1/thumb/v6-m/nofp/crtn.o
 *(.fini)
 .fini          0x08002d74        0x4 /opt/st/stm32cubeide_1.16.0/plugins/com.st.stm32cube.ide.mcu.externaltools.gnu-tools-for-stm32.12.3.rel1.linux64_1.0.200.202406132123/tools/bin/../lib/gcc/arm-none-eabi/12.3.1/thumb/v6-m/nofp/crti.o
                0x08002d74                _fini
 .fini          0x08002d78        0x8 /opt/st/stm32cubeide_1.16.0/plugins/com.st.stm32cube.ide.mcu.externaltools.gnu-tools-for-stm32.12.3.rel1.linux64_1.0.200.202406132123/tools/bin/../lib/gcc/arm-none-eabi/12.3.1/thumb/v6-m/nofp/crtn.o
                0x08002d80                        . = ALIGN (0x4)
                0x08002d80                        _etext = .

.vfp11_veneer   0x08002d80        0x0
 .vfp11_veneer  0x08002d80        0x0 linker stubs

.v4_bx          0x08002d80        0x0
 .v4_bx         0x08002d80        0x0 linker stubs

.iplt           0x08002d80        0x0
 .iplt          0x08002d80        0x0 /opt/st/stm32cubeide_1.16.0/plugins/com.st.stm32cube.ide.mcu.externaltools.gnu-tools-for-stm32.12.3.rel1.linux64_1.0.200.202406132123/tools/bin/../lib/gcc/arm-none-eabi/12.3.1/thumb/v6-m/nofp/crtbegin.o

.rodata         0x08002d80       0xe8
                0x08002d80                        . = ALIGN (0x4)
 *(.rodata)
 *(.rodata*)
 .rodata.SetBand
                0x08002d80       0x2c ./Core/Src/main.o
 .rodata.SetLed
                0x08002dac       0x2c ./Core/Src/main.o
 .rodata.AHBPrescTable
                0x08002dd8       0x40 ./Core/Src/system_stm32g0xx.o
                0x08002dd8                AHBPrescTable
 .rodata.APBPrescTable
                0x08002e18       0x20 ./Core/Src/system_stm32g0xx.o
                0x08002e18                APBPrescTable
 .rodata.USART_PRESCALER_TAB
                0x08002e38       0x30 ./Drivers/STM32G0xx_HAL_Driver/Src/stm32g0xx_ll_usart.o
                0x08002e68                        . = ALIGN (0x4)

.rel.dyn        0x08002e68        0x0
 .rel.iplt      0x08002e68        0x0 /opt/st/stm32cubeide_1.16.0/plugins/com.st.stm32cube.ide.mcu.externaltools.gnu-tools-for-stm32.12.3.rel1.linux64_1.0.200.202406132123/tools/bin/../lib/gcc/arm-none-eabi/12.3.1/thumb/v6-m/nofp/crtbegin.o

.ARM.extab      0x08002e68        0x0
                0x08002e68                        . = ALIGN (0x4)
 *(.ARM.extab* .gnu.linkonce.armextab.*)
                0x08002e68                        . = ALIGN (0x4)

.ARM            0x08002e68        0x0
                0x08002e68                        . = ALIGN (0x4)
                0x08002e68                        __exidx_start = .
 *(.ARM.exidx*)
                0x08002e68                        __exidx_end = .
                0x08002e68                        . = ALIGN (0x4)

.preinit_array  0x08002e68        0x0
                0x08002e68                        . = ALIGN (0x4)
                0x08002e68                        PROVIDE (__preinit_array_start = .)
 *(.preinit_array*)
                0x08002e68                        PROVIDE (__preinit_array_end = .)
                0x08002e68                        . = ALIGN (0x4)

.init_array     0x08002e68        0x4
                0x08002e68                        . = ALIGN (0x4)
                0x08002e68                        PROVIDE (__init_array_start = .)
 *(SORT_BY_NAME(.init_array.*))
 *(.init_array*)
 .init_array    0x08002e68        0x4 /opt/st/stm32cubeide_1.16.0/plugins/com.st.stm32cube.ide.mcu.externaltools.gnu-tools-for-stm32.12.3.rel1.linux64_1.0.200.202406132123/tools/bin/../lib/gcc/arm-none-eabi/12.3.1/thumb/v6-m/nofp/crtbegin.o
                0x08002e6c                        PROVIDE (__init_array_end = .)
                0x08002e6c                        . = ALIGN (0x4)

.fini_array     0x08002e6c        0x4
                0x08002e6c                        . = ALIGN (0x4)
                [!provide]                        PROVIDE (__fini_array_start = .)
 *(SORT_BY_NAME(.fini_array.*))
 *(.fini_array*)
 .fini_array    0x08002e6c        0x4 /opt/st/stm32cubeide_1.16.0/plugins/com.st.stm32cube.ide.mcu.externaltools.gnu-tools-for-stm32.12.3.rel1.linux64_1.0.200.202406132123/tools/bin/../lib/gcc/arm-none-eabi/12.3.1/thumb/v6-m/nofp/crtbegin.o
                [!provide]                        PROVIDE (__fini_array_end = .)
                0x08002e70                        . = ALIGN (0x4)
                0x08002e70                        _sidata = LOADADDR (.data)

.data           0x20000000        0xc load address 0x08002e70
                0x20000000                        . = ALIGN (0x4)
                0x20000000                        _sdata = .
 *(.data)
 *(.data*)
 .data.SystemCoreClock
                0x20000000        0x4 ./Core/Src/system_stm32g0xx.o
                0x20000000                SystemCoreClock
 .data.uwTickPrio
                0x20000004        0x4 ./Drivers/STM32G0xx_HAL_Driver/Src/stm32g0xx_hal.o
                0x20000004                uwTickPrio
 .data.uwTickFreq
                0x20000008        0x1 ./Drivers/STM32G0xx_HAL_Driver/Src/stm32g0xx_hal.o
                0x20000008                uwTickFreq
 *(.RamFunc)
 *(.RamFunc*)
                0x2000000c                        . = ALIGN (0x4)
 *fill*         0x20000009        0x3 
                0x2000000c                        _edata = .

.igot.plt       0x2000000c        0x0 load address 0x08002e7c
 .igot.plt      0x2000000c        0x0 /opt/st/stm32cubeide_1.16.0/plugins/com.st.stm32cube.ide.mcu.externaltools.gnu-tools-for-stm32.12.3.rel1.linux64_1.0.200.202406132123/tools/bin/../lib/gcc/arm-none-eabi/12.3.1/thumb/v6-m/nofp/crtbegin.o
                0x2000000c                        . = ALIGN (0x4)

.bss            0x2000000c       0x38 load address 0x08002e7c
                0x2000000c                        _sbss = .
                0x2000000c                        __bss_start__ = _sbss
 *(.bss)
 .bss           0x2000000c       0x1c /opt/st/stm32cubeide_1.16.0/plugins/com.st.stm32cube.ide.mcu.externaltools.gnu-tools-for-stm32.12.3.rel1.linux64_1.0.200.202406132123/tools/bin/../lib/gcc/arm-none-eabi/12.3.1/thumb/v6-m/nofp/crtbegin.o
 *(.bss*)
 .bss.TRXData   0x20000028        0xf ./Core/Src/main.o
                0x20000028                TRXData
 *fill*         0x20000037        0x1 
 .bss.flag_band
                0x20000038        0x4 ./Core/Src/main.o
                0x20000038                flag_band
 .bss.flag_mode
                0x2000003c        0x1 ./Core/Src/main.o
                0x2000003c                flag_mode
 .bss.i.0       0x2000003d        0x1 ./Core/Src/stm32g0xx_it.o
 *fill*         0x2000003e        0x2 
 .bss.uwTick    0x20000040        0x4 ./Drivers/STM32G0xx_HAL_Driver/Src/stm32g0xx_hal.o
                0x20000040                uwTick
 *(COMMON)
                0x20000044                        . = ALIGN (0x4)
                0x20000044                        _ebss = .
                0x20000044                        __bss_end__ = _ebss

._user_heap_stack
                0x20000044      0x604 load address 0x08002e7c
                0x20000048                        . = ALIGN (0x8)
 *fill*         0x20000044        0x4 
                [!provide]                        PROVIDE (end = .)
                0x20000048                        PROVIDE (_end = .)
                0x20000248                        . = (. + _Min_Heap_Size)
 *fill*         0x20000048      0x200 
                0x20000648                        . = (. + _Min_Stack_Size)
 *fill*         0x20000248      0x400 
                0x20000648                        . = ALIGN (0x8)

/DISCARD/
 libc.a(*)
 libm.a(*)
 libgcc.a(*)

.ARM.attributes
                0x00000000       0x28
 *(.ARM.attributes)
 .ARM.attributes
                0x00000000       0x1e /opt/st/stm32cubeide_1.16.0/plugins/com.st.stm32cube.ide.mcu.externaltools.gnu-tools-for-stm32.12.3.rel1.linux64_1.0.200.202406132123/tools/bin/../lib/gcc/arm-none-eabi/12.3.1/thumb/v6-m/nofp/crti.o
 .ARM.attributes
                0x0000001e       0x2c /opt/st/stm32cubeide_1.16.0/plugins/com.st.stm32cube.ide.mcu.externaltools.gnu-tools-for-stm32.12.3.rel1.linux64_1.0.200.202406132123/tools/bin/../lib/gcc/arm-none-eabi/12.3.1/thumb/v6-m/nofp/crtbegin.o
 .ARM.attributes
                0x0000004a       0x2c ./Core/Src/main.o
 .ARM.attributes
                0x00000076       0x2c ./Core/Src/stm32g0xx_hal_msp.o
 .ARM.attributes
                0x000000a2       0x2c ./Core/Src/stm32g0xx_it.o
 .ARM.attributes
                0x000000ce       0x2c ./Core/Src/system_stm32g0xx.o
 .ARM.attributes
                0x000000fa       0x22 ./Core/Startup/startup_stm32g030k8tx.o
 .ARM.attributes
                0x0000011c       0x2c ./Drivers/STM32G0xx_HAL_Driver/Src/stm32g0xx_hal.o
 .ARM.attributes
                0x00000148       0x2c ./Drivers/STM32G0xx_HAL_Driver/Src/stm32g0xx_hal_cortex.o
 .ARM.attributes
                0x00000174       0x2c ./Drivers/STM32G0xx_HAL_Driver/Src/stm32g0xx_hal_pwr_ex.o
 .ARM.attributes
                0x000001a0       0x2c ./Drivers/STM32G0xx_HAL_Driver/Src/stm32g0xx_hal_rcc.o
 .ARM.attributes
                0x000001cc       0x2c ./Drivers/STM32G0xx_HAL_Driver/Src/stm32g0xx_hal_rcc_ex.o
 .ARM.attributes
                0x000001f8       0x2c ./Drivers/STM32G0xx_HAL_Driver/Src/stm32g0xx_ll_gpio.o
 .ARM.attributes
                0x00000224       0x2c ./Drivers/STM32G0xx_HAL_Driver/Src/stm32g0xx_ll_rcc.o
 .ARM.attributes
                0x00000250       0x2c ./Drivers/STM32G0xx_HAL_Driver/Src/stm32g0xx_ll_tim.o
 .ARM.attributes
                0x0000027c       0x2c ./Drivers/STM32G0xx_HAL_Driver/Src/stm32g0xx_ll_usart.o
 .ARM.attributes
                0x000002a8       0x2c ./Drivers/STM32G0xx_HAL_Driver/Src/stm32g0xx_ll_utils.o
 .ARM.attributes
                0x000002d4       0x2c /opt/st/stm32cubeide_1.16.0/plugins/com.st.stm32cube.ide.mcu.externaltools.gnu-tools-for-stm32.12.3.rel1.linux64_1.0.200.202406132123/tools/bin/../lib/gcc/arm-none-eabi/12.3.1/../../../../arm-none-eabi/lib/thumb/v6-m/nofp/libc_nano.a(libc_a-memset.o)
 .ARM.attributes
                0x00000300       0x2c /opt/st/stm32cubeide_1.16.0/plugins/com.st.stm32cube.ide.mcu.externaltools.gnu-tools-for-stm32.12.3.rel1.linux64_1.0.200.202406132123/tools/bin/../lib/gcc/arm-none-eabi/12.3.1/../../../../arm-none-eabi/lib/thumb/v6-m/nofp/libc_nano.a(libc_a-init.o)
 .ARM.attributes
                0x0000032c       0x1e /opt/st/stm32cubeide_1.16.0/plugins/com.st.stm32cube.ide.mcu.externaltools.gnu-tools-for-stm32.12.3.rel1.linux64_1.0.200.202406132123/tools/bin/../lib/gcc/arm-none-eabi/12.3.1/thumb/v6-m/nofp/libgcc.a(_udivsi3.o)
 .ARM.attributes
                0x0000034a       0x1e /opt/st/stm32cubeide_1.16.0/plugins/com.st.stm32cube.ide.mcu.externaltools.gnu-tools-for-stm32.12.3.rel1.linux64_1.0.200.202406132123/tools/bin/../lib/gcc/arm-none-eabi/12.3.1/thumb/v6-m/nofp/libgcc.a(_dvmd_tls.o)
 .ARM.attributes
                0x00000368       0x1e /opt/st/stm32cubeide_1.16.0/plugins/com.st.stm32cube.ide.mcu.externaltools.gnu-tools-for-stm32.12.3.rel1.linux64_1.0.200.202406132123/tools/bin/../lib/gcc/arm-none-eabi/12.3.1/thumb/v6-m/nofp/crtn.o
OUTPUT(Icom_BD.elf elf32-littlearm)
LOAD linker stubs
LOAD /opt/st/stm32cubeide_1.16.0/plugins/com.st.stm32cube.ide.mcu.externaltools.gnu-tools-for-stm32.12.3.rel1.linux64_1.0.200.202406132123/tools/bin/../lib/gcc/arm-none-eabi/12.3.1/../../../../arm-none-eabi/lib/thumb/v6-m/nofp/libc.a
LOAD /opt/st/stm32cubeide_1.16.0/plugins/com.st.stm32cube.ide.mcu.externaltools.gnu-tools-for-stm32.12.3.rel1.linux64_1.0.200.202406132123/tools/bin/../lib/gcc/arm-none-eabi/12.3.1/../../../../arm-none-eabi/lib/thumb/v6-m/nofp/libm.a
LOAD /opt/st/stm32cubeide_1.16.0/plugins/com.st.stm32cube.ide.mcu.externaltools.gnu-tools-for-stm32.12.3.rel1.linux64_1.0.200.202406132123/tools/bin/../lib/gcc/arm-none-eabi/12.3.1/thumb/v6-m/nofp/libgcc.a

.debug_info     0x00000000     0x75d2
 .debug_info    0x00000000     0x1333 ./Core/Src/main.o
 .debug_info    0x00001333      0x300 ./Core/Src/stm32g0xx_hal_msp.o
 .debug_info    0x00001633      0x5f7 ./Core/Src/stm32g0xx_it.o
 .debug_info    0x00001c2a      0x316 ./Core/Src/system_stm32g0xx.o
 .debug_info    0x00001f40       0x30 ./Core/Startup/startup_stm32g030k8tx.o
 .debug_info    0x00001f70      0x8f0 ./Drivers/STM32G0xx_HAL_Driver/Src/stm32g0xx_hal.o
 .debug_info    0x00002860      0x85d ./Drivers/STM32G0xx_HAL_Driver/Src/stm32g0xx_hal_cortex.o
 .debug_info    0x000030bd      0x496 ./Drivers/STM32G0xx_HAL_Driver/Src/stm32g0xx_hal_pwr_ex.o
 .debug_info    0x00003553      0xad3 ./Drivers/STM32G0xx_HAL_Driver/Src/stm32g0xx_hal_rcc.o
 .debug_info    0x00004026      0x72b ./Drivers/STM32G0xx_HAL_Driver/Src/stm32g0xx_hal_rcc_ex.o
 .debug_info    0x00004751      0x5e2 ./Drivers/STM32G0xx_HAL_Driver/Src/stm32g0xx_ll_gpio.o
 .debug_info    0x00004d33      0x764 ./Drivers/STM32G0xx_HAL_Driver/Src/stm32g0xx_ll_rcc.o
 .debug_info    0x00005497     0x10e6 ./Drivers/STM32G0xx_HAL_Driver/Src/stm32g0xx_ll_tim.o
 .debug_info    0x0000657d      0x797 ./Drivers/STM32G0xx_HAL_Driver/Src/stm32g0xx_ll_usart.o
 .debug_info    0x00006d14      0x8be ./Drivers/STM32G0xx_HAL_Driver/Src/stm32g0xx_ll_utils.o

.debug_abbrev   0x00000000     0x1d4b
 .debug_abbrev  0x00000000      0x355 ./Core/Src/main.o
 .debug_abbrev  0x00000355       0xdd ./Core/Src/stm32g0xx_hal_msp.o
 .debug_abbrev  0x00000432      0x19e ./Core/Src/stm32g0xx_it.o
 .debug_abbrev  0x000005d0      0x119 ./Core/Src/system_stm32g0xx.o
 .debug_abbrev  0x000006e9       0x24 ./Core/Startup/startup_stm32g030k8tx.o
 .debug_abbrev  0x0000070d      0x2b4 ./Drivers/STM32G0xx_HAL_Driver/Src/stm32g0xx_hal.o
 .debug_abbrev  0x000009c1      0x2ab ./Drivers/STM32G0xx_HAL_Driver/Src/stm32g0xx_hal_cortex.o
 .debug_abbrev  0x00000c6c      0x1d7 ./Drivers/STM32G0xx_HAL_Driver/Src/stm32g0xx_hal_pwr_ex.o
 .debug_abbrev  0x00000e43      0x2a9 ./Drivers/STM32G0xx_HAL_Driver/Src/stm32g0xx_hal_rcc.o
 .debug_abbrev  0x000010ec      0x229 ./Drivers/STM32G0xx_HAL_Driver/Src/stm32g0xx_hal_rcc_ex.o
 .debug_abbrev  0x00001315      0x1ad ./Drivers/STM32G0xx_HAL_Driver/Src/stm32g0xx_ll_gpio.o
 .debug_abbrev  0x000014c2      0x239 ./Drivers/STM32G0xx_HAL_Driver/Src/stm32g0xx_ll_rcc.o
 .debug_abbrev  0x000016fb      0x20d ./Drivers/STM32G0xx_HAL_Driver/Src/stm32g0xx_ll_tim.o
 .debug_abbrev  0x00001908      0x208 ./Drivers/STM32G0xx_HAL_Driver/Src/stm32g0xx_ll_usart.o
 .debug_abbrev  0x00001b10      0x23b ./Drivers/STM32G0xx_HAL_Driver/Src/stm32g0xx_ll_utils.o

.debug_aranges  0x00000000      0x998
 .debug_aranges
                0x00000000      0x108 ./Core/Src/main.o
 .debug_aranges
                0x00000108       0x20 ./Core/Src/stm32g0xx_hal_msp.o
 .debug_aranges
                0x00000128       0x78 ./Core/Src/stm32g0xx_it.o
 .debug_aranges
                0x000001a0       0x28 ./Core/Src/system_stm32g0xx.o
 .debug_aranges
                0x000001c8       0x28 ./Core/Startup/startup_stm32g030k8tx.o
 .debug_aranges
                0x000001f0      0x100 ./Drivers/STM32G0xx_HAL_Driver/Src/stm32g0xx_hal.o
 .debug_aranges
                0x000002f0       0xd8 ./Drivers/STM32G0xx_HAL_Driver/Src/stm32g0xx_hal_cortex.o
 .debug_aranges
                0x000003c8       0x98 ./Drivers/STM32G0xx_HAL_Driver/Src/stm32g0xx_hal_pwr_ex.o
 .debug_aranges
                0x00000460       0xa0 ./Drivers/STM32G0xx_HAL_Driver/Src/stm32g0xx_hal_rcc.o
 .debug_aranges
                0x00000500       0x40 ./Drivers/STM32G0xx_HAL_Driver/Src/stm32g0xx_hal_rcc_ex.o
 .debug_aranges
                0x00000540       0x70 ./Drivers/STM32G0xx_HAL_Driver/Src/stm32g0xx_ll_gpio.o
 .debug_aranges
                0x000005b0      0x130 ./Drivers/STM32G0xx_HAL_Driver/Src/stm32g0xx_ll_rcc.o
 .debug_aranges
                0x000006e0      0x148 ./Drivers/STM32G0xx_HAL_Driver/Src/stm32g0xx_ll_tim.o
 .debug_aranges
                0x00000828       0x88 ./Drivers/STM32G0xx_HAL_Driver/Src/stm32g0xx_ll_usart.o
 .debug_aranges
                0x000008b0       0xe8 ./Drivers/STM32G0xx_HAL_Driver/Src/stm32g0xx_ll_utils.o

.debug_rnglists
                0x00000000      0x71c
 .debug_rnglists
                0x00000000       0xcb ./Core/Src/main.o
 .debug_rnglists
                0x000000cb       0x13 ./Core/Src/stm32g0xx_hal_msp.o
 .debug_rnglists
                0x000000de       0x56 ./Core/Src/stm32g0xx_it.o
 .debug_rnglists
                0x00000134       0x1a ./Core/Src/system_stm32g0xx.o
 .debug_rnglists
                0x0000014e       0x19 ./Core/Startup/startup_stm32g030k8tx.o
 .debug_rnglists
                0x00000167       0xbc ./Drivers/STM32G0xx_HAL_Driver/Src/stm32g0xx_hal.o
 .debug_rnglists
                0x00000223       0x9f ./Drivers/STM32G0xx_HAL_Driver/Src/stm32g0xx_hal_cortex.o
 .debug_rnglists
                0x000002c2       0x72 ./Drivers/STM32G0xx_HAL_Driver/Src/stm32g0xx_hal_pwr_ex.o
 .debug_rnglists
                0x00000334       0x79 ./Drivers/STM32G0xx_HAL_Driver/Src/stm32g0xx_hal_rcc.o
 .debug_rnglists
                0x000003ad       0x2f ./Drivers/STM32G0xx_HAL_Driver/Src/stm32g0xx_hal_rcc_ex.o
 .debug_rnglists
                0x000003dc       0x51 ./Drivers/STM32G0xx_HAL_Driver/Src/stm32g0xx_ll_gpio.o
 .debug_rnglists
                0x0000042d       0xe1 ./Drivers/STM32G0xx_HAL_Driver/Src/stm32g0xx_ll_rcc.o
 .debug_rnglists
                0x0000050e       0xfe ./Drivers/STM32G0xx_HAL_Driver/Src/stm32g0xx_ll_tim.o
 .debug_rnglists
                0x0000060c       0x63 ./Drivers/STM32G0xx_HAL_Driver/Src/stm32g0xx_ll_usart.o
 .debug_rnglists
                0x0000066f       0xad ./Drivers/STM32G0xx_HAL_Driver/Src/stm32g0xx_ll_utils.o

.debug_macro    0x00000000    0x161bf
 .debug_macro   0x00000000      0x21f ./Core/Src/main.o
 .debug_macro   0x0000021f      0xa90 ./Core/Src/main.o
 .debug_macro   0x00000caf      0x111 ./Core/Src/main.o
 .debug_macro   0x00000dc0       0x2e ./Core/Src/main.o
 .debug_macro   0x00000dee       0x28 ./Core/Src/main.o
 .debug_macro   0x00000e16       0x22 ./Core/Src/main.o
 .debug_macro   0x00000e38       0x8e ./Core/Src/main.o
 .debug_macro   0x00000ec6       0x51 ./Core/Src/main.o
 .debug_macro   0x00000f17      0x103 ./Core/Src/main.o
 .debug_macro   0x0000101a       0x6a ./Core/Src/main.o
 .debug_macro   0x00001084      0x1df ./Core/Src/main.o
 .debug_macro   0x00001263       0x1c ./Core/Src/main.o
 .debug_macro   0x0000127f       0x22 ./Core/Src/main.o
 .debug_macro   0x000012a1       0xd1 ./Core/Src/main.o
 .debug_macro   0x00001372      0x4da ./Core/Src/main.o
 .debug_macro   0x0000184c      0x11f ./Core/Src/main.o
 .debug_macro   0x0000196b     0xa0c5 ./Core/Src/main.o
 .debug_macro   0x0000ba30       0x66 ./Core/Src/main.o
 .debug_macro   0x0000ba96     0x34fd ./Core/Src/main.o
 .debug_macro   0x0000ef93      0x189 ./Core/Src/main.o
 .debug_macro   0x0000f11c       0x5c ./Core/Src/main.o
 .debug_macro   0x0000f178      0x493 ./Core/Src/main.o
 .debug_macro   0x0000f60b      0xdcd ./Core/Src/main.o
 .debug_macro   0x000103d8      0x106 ./Core/Src/main.o
 .debug_macro   0x000104de      0x1cf ./Core/Src/main.o
 .debug_macro   0x000106ad       0xff ./Core/Src/main.o
 .debug_macro   0x000107ac      0x33c ./Core/Src/main.o
 .debug_macro   0x00010ae8      0x209 ./Core/Src/main.o
 .debug_macro   0x00010cf1      0x2c7 ./Core/Src/main.o
 .debug_macro   0x00010fb8      0x198 ./Core/Src/main.o
 .debug_macro   0x00011150       0x43 ./Core/Src/main.o
 .debug_macro   0x00011193      0x1f1 ./Core/Src/main.o
 .debug_macro   0x00011384      0x1d6 ./Core/Src/main.o
 .debug_macro   0x0001155a      0x2a3 ./Core/Src/main.o
 .debug_macro   0x000117fd       0x28 ./Core/Src/main.o
 .debug_macro   0x00011825       0xcf ./Core/Src/main.o
 .debug_macro   0x000118f4       0xff ./Core/Src/main.o
 .debug_macro   0x000119f3      0x10d ./Core/Src/main.o
 .debug_macro   0x00011b00      0x412 ./Core/Src/main.o
 .debug_macro   0x00011f12      0x8d7 ./Core/Src/main.o
 .debug_macro   0x000127e9      0x40f ./Core/Src/main.o
 .debug_macro   0x00012bf8      0x12c ./Core/Src/main.o
 .debug_macro   0x00012d24      0x131 ./Core/Src/main.o
 .debug_macro   0x00012e55      0x177 ./Core/Src/main.o
 .debug_macro   0x00012fcc       0xd3 ./Core/Src/main.o
 .debug_macro   0x0001309f      0x174 ./Core/Src/main.o
 .debug_macro   0x00013213       0x5a ./Core/Src/main.o
 .debug_macro   0x0001326d      0x159 ./Core/Src/main.o
 .debug_macro   0x000133c6      0x130 ./Core/Src/main.o
 .debug_macro   0x000134f6      0x21f ./Core/Src/stm32g0xx_hal_msp.o
 .debug_macro   0x00013715      0x229 ./Core/Src/stm32g0xx_it.o
 .debug_macro   0x0001393e      0x1b7 ./Core/Src/system_stm32g0xx.o
 .debug_macro   0x00013af5      0x1d5 ./Drivers/STM32G0xx_HAL_Driver/Src/stm32g0xx_hal.o
 .debug_macro   0x00013cca      0x1b7 ./Drivers/STM32G0xx_HAL_Driver/Src/stm32g0xx_hal_cortex.o
 .debug_macro   0x00013e81      0x1c9 ./Drivers/STM32G0xx_HAL_Driver/Src/stm32g0xx_hal_pwr_ex.o
 .debug_macro   0x0001404a      0x1f3 ./Drivers/STM32G0xx_HAL_Driver/Src/stm32g0xx_hal_rcc.o
 .debug_macro   0x0001423d      0x1cf ./Drivers/STM32G0xx_HAL_Driver/Src/stm32g0xx_hal_rcc_ex.o
 .debug_macro   0x0001440c      0x1f9 ./Drivers/STM32G0xx_HAL_Driver/Src/stm32g0xx_ll_gpio.o
 .debug_macro   0x00014605      0x12b ./Drivers/STM32G0xx_HAL_Driver/Src/stm32g0xx_ll_gpio.o
 .debug_macro   0x00014730      0x1df ./Drivers/STM32G0xx_HAL_Driver/Src/stm32g0xx_ll_rcc.o
 .debug_macro   0x0001490f      0x48d ./Drivers/STM32G0xx_HAL_Driver/Src/stm32g0xx_ll_rcc.o
 .debug_macro   0x00014d9c      0x26e ./Drivers/STM32G0xx_HAL_Driver/Src/stm32g0xx_ll_tim.o
 .debug_macro   0x0001500a      0x8d1 ./Drivers/STM32G0xx_HAL_Driver/Src/stm32g0xx_ll_tim.o
 .debug_macro   0x000158db      0x227 ./Drivers/STM32G0xx_HAL_Driver/Src/stm32g0xx_ll_usart.o
 .debug_macro   0x00015b02      0x409 ./Drivers/STM32G0xx_HAL_Driver/Src/stm32g0xx_ll_usart.o
 .debug_macro   0x00015f0b      0x260 ./Drivers/STM32G0xx_HAL_Driver/Src/stm32g0xx_ll_utils.o
 .debug_macro   0x0001616b       0x54 ./Drivers/STM32G0xx_HAL_Driver/Src/stm32g0xx_ll_utils.o

.debug_line     0x00000000     0x91ed
 .debug_line    0x00000000      0xf1c ./Core/Src/main.o
 .debug_line    0x00000f1c      0x744 ./Core/Src/stm32g0xx_hal_msp.o
 .debug_line    0x00001660      0x9ce ./Core/Src/stm32g0xx_it.o
 .debug_line    0x0000202e      0x6e5 ./Core/Src/system_stm32g0xx.o
 .debug_line    0x00002713       0x7b ./Core/Startup/startup_stm32g030k8tx.o
 .debug_line    0x0000278e      0x9a0 ./Drivers/STM32G0xx_HAL_Driver/Src/stm32g0xx_hal.o
 .debug_line    0x0000312e      0xa96 ./Drivers/STM32G0xx_HAL_Driver/Src/stm32g0xx_hal_cortex.o
 .debug_line    0x00003bc4      0x8b6 ./Drivers/STM32G0xx_HAL_Driver/Src/stm32g0xx_hal_pwr_ex.o
 .debug_line    0x0000447a      0xe15 ./Drivers/STM32G0xx_HAL_Driver/Src/stm32g0xx_hal_rcc.o
 .debug_line    0x0000528f      0x9f2 ./Drivers/STM32G0xx_HAL_Driver/Src/stm32g0xx_hal_rcc_ex.o
 .debug_line    0x00005c81      0x832 ./Drivers/STM32G0xx_HAL_Driver/Src/stm32g0xx_ll_gpio.o
 .debug_line    0x000064b3      0xc34 ./Drivers/STM32G0xx_HAL_Driver/Src/stm32g0xx_ll_rcc.o
 .debug_line    0x000070e7      0xd77 ./Drivers/STM32G0xx_HAL_Driver/Src/stm32g0xx_ll_tim.o
 .debug_line    0x00007e5e      0x8b7 ./Drivers/STM32G0xx_HAL_Driver/Src/stm32g0xx_ll_usart.o
 .debug_line    0x00008715      0xad8 ./Drivers/STM32G0xx_HAL_Driver/Src/stm32g0xx_ll_utils.o

.debug_str      0x00000000    0x83061
 .debug_str     0x00000000    0x7e1cf ./Core/Src/main.o
                              0x7e81d (size before relaxing)
 .debug_str     0x0007e1cf       0x2c ./Core/Src/stm32g0xx_hal_msp.o
                              0x7defc (size before relaxing)
 .debug_str     0x0007e1fb      0x107 ./Core/Src/stm32g0xx_it.o
                              0x7e015 (size before relaxing)
 .debug_str     0x0007e302       0x7e ./Core/Src/system_stm32g0xx.o
                              0x74a86 (size before relaxing)
 .debug_str     0x0007e380       0x44 ./Core/Startup/startup_stm32g030k8tx.o
                                 0x7d (size before relaxing)
 .debug_str     0x0007e3c4      0x486 ./Drivers/STM32G0xx_HAL_Driver/Src/stm32g0xx_hal.o
                              0x75111 (size before relaxing)
 .debug_str     0x0007e84a      0x235 ./Drivers/STM32G0xx_HAL_Driver/Src/stm32g0xx_hal_cortex.o
                              0x74ea0 (size before relaxing)
 .debug_str     0x0007ea7f      0x221 ./Drivers/STM32G0xx_HAL_Driver/Src/stm32g0xx_hal_pwr_ex.o
                              0x74cda (size before relaxing)
 .debug_str     0x0007eca0      0x365 ./Drivers/STM32G0xx_HAL_Driver/Src/stm32g0xx_hal_rcc.o
                              0x75077 (size before relaxing)
 .debug_str     0x0007f005      0x17b ./Drivers/STM32G0xx_HAL_Driver/Src/stm32g0xx_hal_rcc_ex.o
                              0x74dc2 (size before relaxing)
 .debug_str     0x0007f180      0x532 ./Drivers/STM32G0xx_HAL_Driver/Src/stm32g0xx_ll_gpio.o
                              0x75c36 (size before relaxing)
 .debug_str     0x0007f6b2      0x54f ./Drivers/STM32G0xx_HAL_Driver/Src/stm32g0xx_ll_rcc.o
                              0x74fbd (size before relaxing)
 .debug_str     0x0007fc01     0x1d58 ./Drivers/STM32G0xx_HAL_Driver/Src/stm32g0xx_ll_tim.o
                              0x7b27a (size before relaxing)
 .debug_str     0x00081959      0xa29 ./Drivers/STM32G0xx_HAL_Driver/Src/stm32g0xx_ll_usart.o
                              0x774c4 (size before relaxing)
 .debug_str     0x00082382      0xcdf ./Drivers/STM32G0xx_HAL_Driver/Src/stm32g0xx_ll_utils.o
                              0x769aa (size before relaxing)

.comment        0x00000000       0x43
 .comment       0x00000000       0x43 ./Core/Src/main.o
                                 0x44 (size before relaxing)
 .comment       0x00000043       0x44 ./Core/Src/stm32g0xx_hal_msp.o
 .comment       0x00000043       0x44 ./Core/Src/stm32g0xx_it.o
 .comment       0x00000043       0x44 ./Core/Src/system_stm32g0xx.o
 .comment       0x00000043       0x44 ./Drivers/STM32G0xx_HAL_Driver/Src/stm32g0xx_hal.o
 .comment       0x00000043       0x44 ./Drivers/STM32G0xx_HAL_Driver/Src/stm32g0xx_hal_cortex.o
 .comment       0x00000043       0x44 ./Drivers/STM32G0xx_HAL_Driver/Src/stm32g0xx_hal_pwr_ex.o
 .comment       0x00000043       0x44 ./Drivers/STM32G0xx_HAL_Driver/Src/stm32g0xx_hal_rcc.o
 .comment       0x00000043       0x44 ./Drivers/STM32G0xx_HAL_Driver/Src/stm32g0xx_hal_rcc_ex.o
 .comment       0x00000043       0x44 ./Drivers/STM32G0xx_HAL_Driver/Src/stm32g0xx_ll_gpio.o
 .comment       0x00000043       0x44 ./Drivers/STM32G0xx_HAL_Driver/Src/stm32g0xx_ll_rcc.o
 .comment       0x00000043       0x44 ./Drivers/STM32G0xx_HAL_Driver/Src/stm32g0xx_ll_tim.o
 .comment       0x00000043       0x44 ./Drivers/STM32G0xx_HAL_Driver/Src/stm32g0xx_ll_usart.o
 .comment       0x00000043       0x44 ./Drivers/STM32G0xx_HAL_Driver/Src/stm32g0xx_ll_utils.o

.debug_frame    0x00000000     0x2088
 .debug_frame   0x00000000      0x3b8 ./Core/Src/main.o
 .debug_frame   0x000003b8       0x30 ./Core/Src/stm32g0xx_hal_msp.o
 .debug_frame   0x000003e8      0x178 ./Core/Src/stm32g0xx_it.o
 .debug_frame   0x00000560       0x4c ./Core/Src/system_stm32g0xx.o
 .debug_frame   0x000005ac      0x360 ./Drivers/STM32G0xx_HAL_Driver/Src/stm32g0xx_hal.o
 .debug_frame   0x0000090c      0x2fc ./Drivers/STM32G0xx_HAL_Driver/Src/stm32g0xx_hal_cortex.o
 .debug_frame   0x00000c08      0x1f4 ./Drivers/STM32G0xx_HAL_Driver/Src/stm32g0xx_hal_pwr_ex.o
 .debug_frame   0x00000dfc      0x214 ./Drivers/STM32G0xx_HAL_Driver/Src/stm32g0xx_hal_rcc.o
 .debug_frame   0x00001010       0xb0 ./Drivers/STM32G0xx_HAL_Driver/Src/stm32g0xx_hal_rcc_ex.o
 .debug_frame   0x000010c0      0x170 ./Drivers/STM32G0xx_HAL_Driver/Src/stm32g0xx_ll_gpio.o
 .debug_frame   0x00001230      0x428 ./Drivers/STM32G0xx_HAL_Driver/Src/stm32g0xx_ll_rcc.o
 .debug_frame   0x00001658      0x4d0 ./Drivers/STM32G0xx_HAL_Driver/Src/stm32g0xx_ll_tim.o
 .debug_frame   0x00001b28      0x1d0 ./Drivers/STM32G0xx_HAL_Driver/Src/stm32g0xx_ll_usart.o
 .debug_frame   0x00001cf8      0x324 ./Drivers/STM32G0xx_HAL_Driver/Src/stm32g0xx_ll_utils.o
 .debug_frame   0x0000201c       0x20 /opt/st/stm32cubeide_1.16.0/plugins/com.st.stm32cube.ide.mcu.externaltools.gnu-tools-for-stm32.12.3.rel1.linux64_1.0.200.202406132123/tools/bin/../lib/gcc/arm-none-eabi/12.3.1/../../../../arm-none-eabi/lib/thumb/v6-m/nofp/libc_nano.a(libc_a-memset.o)
 .debug_frame   0x0000203c       0x2c /opt/st/stm32cubeide_1.16.0/plugins/com.st.stm32cube.ide.mcu.externaltools.gnu-tools-for-stm32.12.3.rel1.linux64_1.0.200.202406132123/tools/bin/../lib/gcc/arm-none-eabi/12.3.1/../../../../arm-none-eabi/lib/thumb/v6-m/nofp/libc_nano.a(libc_a-init.o)
 .debug_frame   0x00002068       0x20 /opt/st/stm32cubeide_1.16.0/plugins/com.st.stm32cube.ide.mcu.externaltools.gnu-tools-for-stm32.12.3.rel1.linux64_1.0.200.202406132123/tools/bin/../lib/gcc/arm-none-eabi/12.3.1/thumb/v6-m/nofp/libgcc.a(_udivsi3.o)

.debug_line_str
                0x00000000       0x61
 .debug_line_str
                0x00000000       0x61 ./Core/Startup/startup_stm32g030k8tx.o
