../Drivers/CMSIS/Include/core_cm0plus.h:741:22:__NVIC_EnableIRQ	2
../Drivers/CMSIS/Include/core_cm0plus.h:850:22:__NVIC_SetPriority	2
../Drivers/STM32G0xx_HAL_Driver/Inc/stm32g0xx_ll_tim.h:1576:22:LL_TIM_EnableCounter	1
../Drivers/STM32G0xx_HAL_Driver/Inc/stm32g0xx_ll_tim.h:1756:22:LL_TIM_EnableARRPreload	1
../Drivers/STM32G0xx_HAL_Driver/Inc/stm32g0xx_ll_tim.h:4628:22:LL_TIM_EnableIT_UPDATE	1
../Drivers/STM32G0xx_HAL_Driver/Inc/stm32g0xx_ll_usart.h:628:22:LL_USART_Enable	1
../Drivers/STM32G0xx_HAL_Driver/Inc/stm32g0xx_ll_usart.h:679:22:LL_USART_DisableFIFO	1
../Drivers/STM32G0xx_HAL_Driver/Inc/stm32g0xx_ll_usart.h:712:22:LL_USART_SetTXFIFOThreshold	1
../Drivers/STM32G0xx_HAL_Driver/Inc/stm32g0xx_ll_usart.h:751:22:LL_USART_SetRXFIFOThreshold	1
../Drivers/STM32G0xx_HAL_Driver/Inc/stm32g0xx_ll_usart.h:2784:22:LL_USART_ConfigHalfDuplexMode	1
../Drivers/STM32G0xx_HAL_Driver/Inc/stm32g0xx_ll_usart.h:3189:26:LL_USART_IsActiveFlag_TEACK	2
../Drivers/STM32G0xx_HAL_Driver/Inc/stm32g0xx_ll_usart.h:3200:26:LL_USART_IsActiveFlag_REACK	2
../Drivers/STM32G0xx_HAL_Driver/Inc/stm32g0xx_ll_usart.h:3475:22:LL_USART_EnableIT_RXNE_RXFNE	1
../Drivers/STM32G0xx_HAL_Driver/Inc/stm32g0xx_ll_gpio.h:776:26:LL_GPIO_IsInputPinSet	2
../Drivers/STM32G0xx_HAL_Driver/Inc/stm32g0xx_ll_gpio.h:857:22:LL_GPIO_SetOutputPin	1
../Drivers/STM32G0xx_HAL_Driver/Inc/stm32g0xx_ll_gpio.h:886:22:LL_GPIO_ResetOutputPin	1
../Drivers/STM32G0xx_HAL_Driver/Inc/stm32g0xx_ll_bus.h:921:22:LL_APB2_GRP1_EnableClock	1
../Drivers/STM32G0xx_HAL_Driver/Inc/stm32g0xx_ll_bus.h:1135:22:LL_IOP_GRP1_EnableClock	1
../Core/Src/main.c:102:6:led_blink_blocking	2
../Core/Src/main.c:114:6:process_uart_command	12
../Core/Src/main.c:188:6:ResetOuts	1
../Core/Src/main.c:202:6:ResetLeds	1
../Core/Src/main.c:215:6:SetBand	12
../Core/Src/main.c:231:6:SetLed	12
../Core/Src/main.c:247:6:SetMode	4
../Core/Src/main.c:265:6:SetOut	18
../Core/Src/main.c:337:6:SetOut_UN3M	13
../Core/Src/main.c:415:5:main	3
../Core/Src/main.c:473:6:SystemClock_Config	3
../Core/Src/main.c:519:13:MX_TIM14_Init	1
../Core/Src/main.c:555:13:MX_USART1_UART_Init	4
../Core/Src/main.c:632:13:MX_GPIO_Init	1
../Core/Src/main.c:925:6:Error_Handler	1
