../Drivers/STM32G0xx_HAL_Driver/Inc/stm32g0xx_ll_tim.h:4265:22:LL_TIM_ClearFlag_UPDATE	16	static
../Drivers/STM32G0xx_HAL_Driver/Inc/stm32g0xx_ll_tim.h:4276:26:LL_TIM_IsActiveFlag_UPDATE	16	static
../Drivers/STM32G0xx_HAL_Driver/Inc/stm32g0xx_ll_usart.h:2992:26:LL_USART_IsActiveFlag_RXNE_RXFNE	16	static
../Drivers/STM32G0xx_HAL_Driver/Inc/stm32g0xx_ll_usart.h:4253:25:LL_USART_ReceiveData8	16	static
../Drivers/STM32G0xx_HAL_Driver/Inc/stm32g0xx_ll_gpio.h:915:22:LL_GPIO_TogglePin	24	static
../Core/Src/stm32g0xx_it.c:49:6:uart_rx_command_handler_byte	24	static
../Core/Src/stm32g0xx_it.c:86:10:get_frequency_khz	56	static
../Core/Src/stm32g0xx_it.c:106:6:decode_by_freq	24	static
../Core/Src/stm32g0xx_it.c:124:6:HF_band_decode_byte	24	static
../Core/Src/stm32g0xx_it.c:186:6:NMI_Handler	8	static
../Core/Src/stm32g0xx_it.c:201:6:HardFault_Handler	8	static
../Core/Src/stm32g0xx_it.c:216:6:SVC_Handler	8	static
../Core/Src/stm32g0xx_it.c:229:6:PendSV_Handler	8	static
../Core/Src/stm32g0xx_it.c:242:6:SysTick_Handler	8	static
../Core/Src/stm32g0xx_it.c:263:6:TIM14_IRQHandler	8	static
../Core/Src/stm32g0xx_it.c:281:6:USART1_IRQHandler	24	static
